C:\Users\100\Documents\GitHub\Projeto-LPOO\Overlook\src\core\Quarto.java
C:\Users\100\Documents\GitHub\Projeto-LPOO\Overlook\src\data\ControleAcessoBD.java
C:\Users\100\Documents\GitHub\Projeto-LPOO\Overlook\src\gui\InterfaceCheckOut.java
C:\Users\100\Documents\GitHub\Projeto-LPOO\Overlook\src\core\PagamentoEntidade.java
C:\Users\100\Documents\GitHub\Projeto-LPOO\Overlook\src\core\RelatorioEntidade.java
C:\Users\100\Documents\GitHub\Projeto-LPOO\Overlook\src\data\CadastroClienteDAO.java
C:\Users\100\Documents\GitHub\Projeto-LPOO\Overlook\src\core\PagamentoController.java
C:\Users\100\Documents\GitHub\Projeto-LPOO\Overlook\src\gui\InterfaceServicos.java
C:\Users\100\Documents\GitHub\Projeto-LPOO\Overlook\src\core\PagamentoExcecoesRegraNegocio.java
C:\Users\100\Documents\GitHub\Projeto-LPOO\Overlook\src\gui\InterfaceServicoDeQuarto.java
C:\Users\100\Documents\GitHub\Projeto-LPOO\Overlook\src\core\Dependentes.java
C:\Users\100\Documents\GitHub\Projeto-LPOO\Overlook\src\core\ValidarCaracteres.java
C:\Users\100\Documents\GitHub\Projeto-LPOO\Overlook\src\gui\CadastroInterface.java
C:\Users\100\Documents\GitHub\Projeto-LPOO\Overlook\src\gui\InterfaceCadastroDeQuartos.java
C:\Users\100\Documents\GitHub\Projeto-LPOO\Overlook\src\core\Restaurante.java
C:\Users\100\Documents\GitHub\Projeto-LPOO\Overlook\src\gui\InterfaceTranslado.java
C:\Users\100\Documents\GitHub\Projeto-LPOO\Overlook\src\core\RestaurantePedidos.java
C:\Users\100\Documents\GitHub\Projeto-LPOO\Overlook\src\gui\InterfaceRestaurante.java
C:\Users\100\Documents\GitHub\Projeto-LPOO\Overlook\src\data\MySQLConector.java
C:\Users\100\Documents\GitHub\Projeto-LPOO\Overlook\src\data\RelatorioDAO.java
C:\Users\100\Documents\GitHub\Projeto-LPOO\Overlook\src\data\PagamentoRepository.java
C:\Users\100\Documents\GitHub\Projeto-LPOO\Overlook\src\data\PagamentoDataException.java
C:\Users\100\Documents\GitHub\Projeto-LPOO\Overlook\src\gui\InterfaceArrumacao.java
C:\Users\100\Documents\GitHub\Projeto-LPOO\Overlook\src\core\RelatorioController.java
C:\Users\100\Documents\GitHub\Projeto-LPOO\Overlook\src\gui\TelaInicial.java
C:\Users\100\Documents\GitHub\Projeto-LPOO\Overlook\src\gui\InterfaceWiFi.java
C:\Users\100\Documents\GitHub\Projeto-LPOO\Overlook\src\core\RelatorioExcecoesRegraNegocio.java
C:\Users\100\Documents\GitHub\Projeto-LPOO\Overlook\src\data\ConnectionFactory.java
C:\Users\100\Documents\GitHub\Projeto-LPOO\Overlook\src\core\CheckOut.java
C:\Users\100\Documents\GitHub\Projeto-LPOO\Overlook\src\core\ServicoDeQuarto.java
C:\Users\100\Documents\GitHub\Projeto-LPOO\Overlook\src\data\ExceptionDAO.java
C:\Users\100\Documents\GitHub\Projeto-LPOO\Overlook\src\core\CadastroController.java
C:\Users\100\Documents\GitHub\Projeto-LPOO\Overlook\src\core\Reserva.java
C:\Users\100\Documents\GitHub\Projeto-LPOO\Overlook\src\gui\InterfacePrecos.java
C:\Users\100\Documents\GitHub\Projeto-LPOO\Overlook\src\data\CadastroDependenteDAO.java
C:\Users\100\Documents\GitHub\Projeto-LPOO\Overlook\src\data\PagamentoDAO.java
C:\Users\100\Documents\GitHub\Projeto-LPOO\Overlook\src\gui\MenuPrincipal.java
C:\Users\100\Documents\GitHub\Projeto-LPOO\Overlook\src\core\QuartoController.java
C:\Users\100\Documents\GitHub\Projeto-LPOO\Overlook\src\gui\TelaApresentacaoPagamento.java
C:\Users\100\Documents\GitHub\Projeto-LPOO\Overlook\src\data\PagamentoGenericDAO.java
C:\Users\100\Documents\GitHub\Projeto-LPOO\Overlook\src\core\CheckIn.java
C:\Users\100\Documents\GitHub\Projeto-LPOO\Overlook\src\gui\InterfaceReservas.java
C:\Users\100\Documents\GitHub\Projeto-LPOO\Overlook\src\core\HistoricoTranslado.java
C:\Users\100\Documents\GitHub\Projeto-LPOO\Overlook\src\core\Cliente.java
C:\Users\100\Documents\GitHub\Projeto-LPOO\Overlook\src\core\RegistroServicoDeQuarto.java
C:\Users\100\Documents\GitHub\Projeto-LPOO\Overlook\src\core\Servico.java
C:\Users\100\Documents\GitHub\Projeto-LPOO\Overlook\src\gui\InterfaceEstacionamento.java
C:\Users\100\Documents\GitHub\Projeto-LPOO\Overlook\src\core\UsuarioTransferencia.java
C:\Users\100\Documents\GitHub\Projeto-LPOO\Overlook\src\data\BDException.java
C:\Users\100\Documents\GitHub\Projeto-LPOO\Overlook\src\data\RelatorioDataException.java
C:\Users\100\Documents\GitHub\Projeto-LPOO\Overlook\src\gui\InterfaceConsultaHospedes.java
C:\Users\100\Documents\GitHub\Projeto-LPOO\Overlook\src\data\UsuarioConexao.java
C:\Users\100\Documents\GitHub\Projeto-LPOO\Overlook\src\gui\TelaRelatorio.java
C:\Users\100\Documents\GitHub\Projeto-LPOO\Overlook\src\core\CheckOutController.java
C:\Users\100\Documents\GitHub\Projeto-LPOO\Overlook\src\data\PagamentoMYSQLConnection.java
C:\Users\100\Documents\GitHub\Projeto-LPOO\Overlook\src\data\RelatorioRepository.java
C:\Users\100\Documents\GitHub\Projeto-LPOO\Overlook\src\core\Precos.java
C:\Users\100\Documents\GitHub\Projeto-LPOO\Overlook\src\core\ControladorDeAcessos.java
C:\Users\100\Documents\GitHub\Projeto-LPOO\Overlook\src\gui\InterfaceCheckIn.java
C:\Users\100\Documents\GitHub\Projeto-LPOO\Overlook\src\core\CadastroControllerDependentes.java
C:\Users\100\Documents\GitHub\Projeto-LPOO\Overlook\src\core\EnviarEmail.java
C:\Users\100\Documents\GitHub\Projeto-LPOO\Overlook\src\core\Wifi.java
C:\Users\100\Documents\GitHub\Projeto-LPOO\Overlook\src\core\CoreException.java
C:\Users\100\Documents\GitHub\Projeto-LPOO\Overlook\src\gui\TelaNovoUsuarioSistema.java
C:\Users\100\Documents\GitHub\Projeto-LPOO\Overlook\src\testes\AcessoBancodeDadosTest.java
C:\Users\100\Documents\GitHub\Projeto-LPOO\Overlook\src\core\Estacionamento.java
C:\Users\100\Documents\GitHub\Projeto-LPOO\Overlook\src\core\RegistroServicos.java
C:\Users\100\Documents\GitHub\Projeto-LPOO\Overlook\src\core\CheckInController.java
C:\Users\100\Documents\GitHub\Projeto-LPOO\Overlook\src\data\AcessoBancodeDados.java
C:\Users\100\Documents\GitHub\Projeto-LPOO\Overlook\src\core\Arrumacao.java
C:\Users\100\Documents\GitHub\Projeto-LPOO\Overlook\src\data\RelatorioMYSQLConnection.java
C:\Users\100\Documents\GitHub\Projeto-LPOO\Overlook\src\data\QuartoDAO.java
C:\Users\100\Documents\GitHub\Projeto-LPOO\Overlook\src\gui\InterfaceCadastroDependentes.java
C:\Users\100\Documents\GitHub\Projeto-LPOO\Overlook\src\core\Validador.java
C:\Users\100\Documents\GitHub\Projeto-LPOO\Overlook\src\core\Translado.java
