data\PagamentoDAO.class
gui\InterfaceConsultaHospedes$9.class
gui\InterfacePrecos$2.class
core\ServicoDeQuarto.class
core\Restaurante.class
gui\InterfaceRestaurante$6.class
gui\MenuPrincipal$5.class
gui\InterfaceCadastroDependentes$8.class
gui\TelaInicial$1.class
gui\InterfaceCadastroDeQuartos$7.class
checkIn_checkOut\CheckIn.class
gui\InterfaceTranslado$8.class
gui\InterfaceCadastroDeQuartos$1.class
gui\InterfaceReservas$5.class
gui\InterfaceArrumacao$7.class
data\PagamentoGenericDAO.class
gui\InterfacePrecos$13.class
gui\InterfaceServicos$6.class
gui\InterfaceWiFi$4.class
gui\InterfacePrecos$8.class
core\Arrumacao.class
gui\TelaRelatorio$3.class
core\UsuarioTransferencia.class
data\PagamentoRepository.class
gui\InterfaceEstacionamento$3.class
core\Wifi.class
gui\TelaApresentacaoPagamento$2.class
gui\TelaApresentacaoPagamento.class
gui\TelaNovoUsuarioSistema$3.class
gui\InterfaceServicoDeQuarto$10.class
checkIn_checkOut\Progam.class
data\ControleAcessoBD.class
gui\InterfaceArrumacao$1.class
core\Translado.class
gui\InterfaceConsultaHospedes$10.class
gui\InterfaceServicoDeQuarto$4.class
core\Servico.class
gui\InterfaceCadastroDependentes$3.class
gui\InterfaceServicoDeQuarto$5.class
gui\InterfaceWiFi$5.class
core\ValidarCaracteres$1.class
gui\InterfaceRestaurante$1.class
gui\InterfaceTranslado$9.class
gui\InterfacePrecos$7.class
gui\InterfaceCadastroDeQuartos$6.class
gui\MenuPrincipal$4.class
gui\InterfaceTranslado$3.class
gui\TelaNovoUsuarioSistema$2.class
gui\InterfaceServicos$11.class
core\RelatorioExcecoesRegraNegocio.class
gui\InterfaceServicos$1.class
core\Cliente.class
gui\InterfaceArrumacao$2.class
gui\CadastroInterface$4.class
gui\InterfaceServicoDeQuarto$11.class
gui\InterfaceCadastroDependentes$9.class
gui\InterfaceServicos$10.class
core\Precos.class
gui\CadastroInterface$5.class
core\EnviarEmail.class
gui\TelaApresentacaoPagamento$1.class
gui\InterfaceCadastroDependentes$2.class
gui\InterfaceTranslado$2.class
gui\TelaNovoUsuarioSistema.class
gui\InterfaceConsultaHospedes$2.class
gui\InterfaceConsultaHospedes$11.class
gui\CadastroInterface$6.class
data\CadastroDependenteDAO.class
data\RelatorioDataException.class
core\Quarto.class
core\ValidarCaracteres.class
core\RestaurantePedidos.class
gui\InterfaceTranslado$1.class
gui\MenuPrincipal$9.class
gui\CadastroInterface$9.class
core\Validador.class
gui\InterfaceConsultaHospedes$5.class
core\RegistroServicoDeQuarto.class
core\PagamentoEntidade.class
gui\InterfaceCadastroDependentes$4.class
gui\InterfaceServicos$7.class
gui\InterfacePrecos$12.class
gui\InterfaceCadastroDependentes$7.class
gui\InterfaceReservas$7.class
gui\InterfaceWiFi$3.class
gui\TelaRelatorio$7.class
gui\InterfaceServicos$12.class
gui\InterfaceCadastroDeQuartos.class
gui\InterfaceEstacionamento$7.class
gui\InterfaceTranslado.class
gui\InterfaceReservas$4.class
gui\InterfaceServicos$4.class
gui\CadastroInterface$8.class
gui\InterfaceServicos$14.class
gui\MenuPrincipal$7.class
data\PagamentoDataException.class
gui\InterfaceArrumacao$5.class
gui\InterfaceConsultaHospedes$4.class
gui\InterfaceWiFi$2.class
data\RelatorioMYSQLConnection.class
gui\InterfacePrecos$15.class
gui\InterfaceServicoDeQuarto$8.class
gui\InterfaceCadastroDependentes$6.class
gui\InterfaceWiFi$1.class
gui\InterfaceServicos$13.class
gui\InterfaceCadastroDeQuartos$8.class
gui\InterfacePrecos$14.class
gui\InterfaceServicos$5.class
gui\TelaNovoUsuarioSistema$4.class
gui\MenuPrincipal$6.class
core\PagamentoExcecoesRegraNegocio.class
gui\InterfaceConsultaHospedes$3.class
gui\InterfaceReservas$6.class
gui\InterfaceRestaurante$10.class
gui\InterfaceCadastroDependentes$5.class
gui\InterfacePrecos$9.class
gui\InterfaceServicoDeQuarto$9.class
gui\InterfaceArrumacao$6.class
core\CadastroController.class
gui\TelaApresentacaoPagamento$5.class
data\CadastroClienteDAO.class
gui\MenuPrincipal$2.class
gui\InterfaceServicoDeQuarto$7.class
gui\InterfacePrecos$10.class
gui\MenuPrincipal$10.class
gui\InterfaceReservas.class
gui\InterfaceServicos$9.class
gui\InterfaceRestaurante$3.class
core\HistoricoTranslado.class
gui\InterfaceCadastroDeQuartos$4.class
data\UsuarioConexao.class
gui\InterfacePrecos$5.class
data\QuartoDAO.class
gui\CadastroInterface$7.class
gui\InterfaceServicos$3.class
gui\InterfaceServicos.class
gui\InterfaceArrumacao$4.class
gui\InterfacePrecos$16.class
core\CadastroControllerDependentes.class
core\ValidarCaracteres$TipoEntrada.class
gui\InterfaceConsultaHospedes$13.class
gui\InterfacePrecos.class
gui\InterfaceServicoDeQuarto$1.class
gui\MenuPrincipal$8.class
gui\InterfaceConsultaHospedes$1.class
gui\InterfaceReservas$3.class
data\RelatorioRepository.class
data\ExceptionDAO.class
gui\InterfaceConsultaHospedes$7.class
gui\InterfacePrecos$11.class
gui\InterfaceServicos$8.class
gui\InterfaceRestaurante$8.class
gui\TelaRelatorio.class
gui\InterfaceEstacionamento$6.class
gui\TelaRelatorio$6.class
gui\TelaInicial$3.class
gui\InterfaceTranslado$10.class
gui\InterfaceConsultaHospedes$12.class
gui\InterfaceReservas$2.class
gui\InterfaceServicoDeQuarto$6.class
gui\InterfaceConsultaHospedes$6.class
gui\InterfaceEstacionamento$5.class
gui\InterfaceRestaurante$9.class
gui\MenuPrincipal$3.class
gui\InterfacePrecos$6.class
gui\InterfaceArrumacao$3.class
gui\TelaInicial$4.class
gui\TelaRelatorio$2$1.class
gui\TelaRelatorio$5.class
gui\InterfaceCadastroDeQuartos$5.class
gui\InterfaceRestaurante$2.class
gui\InterfacePrecos$17.class
gui\InterfaceServicos$2.class
gui\TelaNovoUsuarioSistema$1.class
data\MySQLConector.class
gui\TelaRelatorio$4.class
gui\InterfaceTranslado$4.class
gui\InterfaceReservas$1.class
core\Estacionamento.class
gui\InterfaceServicoDeQuarto.class
gui\InterfaceEstacionamento$4.class
core\Reserva.class
gui\TelaRelatorio$1.class
gui\InterfaceCadastroDependentes$1.class
core\RegistroServicos.class
gui\InterfaceServicoDeQuarto$3.class
gui\InterfaceConsultaHospedes$14.class
gui\MenuPrincipal$11.class
gui\InterfaceCadastroDeQuartos$3.class
core\RelatorioEntidade.class
checkIn_checkOut\CheckOut.class
gui\InterfaceEstacionamento$1.class
core\ControladorDeAcessos.class
gui\InterfaceConsultaHospedes$8.class
gui\MenuPrincipal$1.class
core\CoreException.class
gui\CadastroInterface.class
gui\InterfaceArrumacao.class
gui\TelaInicial$2.class
gui\InterfaceRestaurante$4.class
data\RelatorioDAO.class
gui\InterfacePrecos$4.class
gui\CadastroInterface$3.class
gui\InterfaceTranslado$7.class
core\PagamentoController.class
gui\InterfacePrecos$1.class
gui\InterfaceConsultaHospedes.class
gui\InterfaceRestaurante$7.class
data\BDException.class
gui\MenuPrincipal$12.class
gui\InterfaceWiFi.class
gui\InterfaceConsultaHospedes$16.class
gui\CadastroInterface$1.class
core\RelatorioController.class
gui\TelaApresentacaoPagamento$3.class
core\Dependentes.class
gui\InterfaceCadastroDeQuartos$2.class
gui\InterfaceEstacionamento.class
data\AcessoBancodeDados.class
gui\InterfaceTranslado$6.class
gui\InterfaceTranslado$5.class
gui\TelaApresentacaoPagamento$4.class
gui\InterfaceConsultaHospedes$15.class
gui\InterfaceCadastroDependentes.class
gui\CadastroInterface$2.class
gui\InterfacePrecos$3.class
gui\InterfaceRestaurante$5.class
gui\InterfaceServicoDeQuarto$2.class
gui\InterfaceRestaurante.class
gui\MenuPrincipal.class
data\PagamentoMYSQLConnection.class
gui\TelaInicial.class
gui\TelaRelatorio$2.class
gui\InterfaceEstacionamento$2.class
